Feb 27 12:30:11 Failed password for root from 192.168.1.10
Feb 27 12:30:15 Failed password for admin from 192.168.1.10
Feb 27 12:30:20 Failed password for root from 192.168.1.10
Feb 27 12:31:00 Accepted password for user from 192.168.1.5
